<html>
<body>
<pre>
<h1>µVision Build Log</h1>
<h2>Project:</h2>
D:\210907302\Lab8\Example2.uvproj
Project File Date:  10/09/2023

<h2>Output:</h2>
Build target 'Target 1'
assembling Example2.asm...
linking...
.\Example2.sct(8): warning: L6314W: No section matches pattern *(InRoot$$Sections).
Program Size: Code=492 RO-data=0 RW-data=0 ZI-data=1160  
Finished: 0 information, 1 warning and 0 error messages.
FromELF: creating hex file...
".\Example2.axf" - 0 Error(s), 1 Warning(s).
</pre>
</body>
</html>
