<html>
<body>
<pre>
<h1>µVision Build Log</h1>
<h2>Project:</h2>
D:\210907302\Lab7\Example3.uvproj
Project File Date:  09/18/2023

<h2>Output:</h2>
Build target 'Target 1'
assembling Example3.asm...
linking...
.\Example3.sct(8): warning: L6314W: No section matches pattern *(InRoot$$Sections).
Program Size: Code=604 RO-data=0 RW-data=0 ZI-data=1160  
Finished: 0 information, 1 warning and 0 error messages.
FromELF: creating hex file...
".\Example3.axf" - 0 Error(s), 1 Warning(s).
</pre>
</body>
</html>
