ARM Linker, 5.03 [Build 76] [MDK-ARM Lite]

==============================================================================

Section Cross References

    startup.o(RESET) refers to startup.o(STACK) for Stack_Top
    startup.o(RESET) refers to example3.o(ADC) for __main


==============================================================================

Removing Unused input sections from the image.

    Removing startup.o(HEAP), (0 bytes).

1 unused section(s) (total 0 bytes) removed from the image.

==============================================================================

Image Symbol Table

    Local Symbols

    Symbol Name                              Value     Ov Type        Size  Object(Section)

    RESET                                    0x00000000   Section      264  startup.o(RESET)
    Example3.asm                             0x00000000   Number         0  example3.o ABSOLUTE
    Startup.s                                0x00000000   Number         0  startup.o ABSOLUTE
    VICVPB-1.s                               0x00000000   Number         0  vicvpb-1.o ABSOLUTE
    Undef_Handler                            0x00000040   ARM Code       4  startup.o(RESET)
    SWI_Handler                              0x00000044   ARM Code       4  startup.o(RESET)
    PAbt_Handler                             0x00000048   ARM Code       4  startup.o(RESET)
    DAbt_Handler                             0x0000004c   ARM Code       4  startup.o(RESET)
    IRQ_Handler                              0x00000050   ARM Code       4  startup.o(RESET)
    FIQ_Handler                              0x00000054   ARM Code       4  startup.o(RESET)
    ADC                                      0x00000108   Section      340  example3.o(ADC)
    SEG_CODEL                                0x00000218   Data           4  example3.o(ADC)
    SEG_CODEU                                0x0000021c   Data           4  example3.o(ADC)
    STACK                                    0x40000000   Section     1160  startup.o(STACK)
    Stack_Top                                0x40000488   Data           0  startup.o(STACK)

    Global Symbols

    Symbol Name                              Value     Ov Type        Size  Object(Section)

    BuildAttributes$$THM_ISAv1$ARM_ISAv4$S$PE$A:L22$X:L11$S22$IEEE1$IW$USESV6$~STKCKD$USESV7$~SHL$OSPACE$EBA8$MICROLIB$PRES8$EABIv2 0x00000000   Number         0  anon$$obj.o ABSOLUTE
    Reset_Handler                            0x00000058   ARM Code       0  startup.o(RESET)
    __main                                   0x00000108   ARM Code       0  example3.o(ADC)
    __initial_sp                             0x40000400   Data         136  startup.o(STACK)



==============================================================================

Memory Map of the image

  Image Entry point : 0x00000108

  Load Region LR_IROM1 (Base: 0x00000000, Size: 0x0000025c, Max: 0x00080000, ABSOLUTE)

    Execution Region ER_IROM1 (Base: 0x00000000, Size: 0x0000025c, Max: 0x00080000, ABSOLUTE)

    Base Addr    Size         Type   Attr      Idx    E Section Name        Object

    0x00000000   0x00000108   Code   RO            3    RESET               startup.o
    0x00000108   0x00000154   Code   RO            8  * ADC                 example3.o


    Execution Region RW_IRAM1 (Base: 0x40000000, Size: 0x00000488, Max: 0x00008000, ABSOLUTE)

    Base Addr    Size         Type   Attr      Idx    E Section Name        Object

    0x40000000   0x00000488   Zero   RW            1    STACK               startup.o


==============================================================================

Image component sizes


      Code (inc. data)   RO Data    RW Data    ZI Data      Debug   Object Name

       340         68          0          0          0        216   example3.o
       264         48          0          0       1160        256   startup.o

    ----------------------------------------------------------------------
       604        116          0          0       1160        472   Object Totals
         0          0          0          0          0          0   (incl. Generated)
         0          0          0          0          0          0   (incl. Padding)

    ----------------------------------------------------------------------
         0          0          0          0          0          0   Library Totals
         0          0          0          0          0          0   (incl. Padding)

    ----------------------------------------------------------------------

==============================================================================


      Code (inc. data)   RO Data    RW Data    ZI Data      Debug   

       604        116          0          0       1160        472   Grand Totals
       604        116          0          0       1160        472   ELF Image Totals
       604        116          0          0          0          0   ROM Totals

==============================================================================

    Total RO  Size (Code + RO Data)                  604 (   0.59kB)
    Total RW  Size (RW Data + ZI Data)              1160 (   1.13kB)
    Total ROM Size (Code + RO Data + RW Data)        604 (   0.59kB)

==============================================================================

